exports[`HTML template should render document structure correctly 1`] = `
<html
  lang="en">
  <head>
    <title>
      Fresto
    </title>
    <meta
      content="width=device-width, initial-scale=1"
      name="viewport" />
    <link
      href="https://fonts.googleapis.com/css?family=Open+Sans:400,600,700"
      rel="stylesheet" />
    <link
      href="common.css"
      rel="stylesheet"
      type="text/css" />
    <link
      href="app.css"
      rel="stylesheet"
      type="text/css" />
  </head>
  <body>
    <div
      id="app">
      Content goes here
    </div>
    <script
      src="common.js"
      type="text/javascript" />
    <script
      src="app.js"
      type="text/javascript" />
  </body>
</html>
`;
